data/runs/b93022a8-05d1-4c4a-8cc4-dab3d25b30c5/panel.csv
t,firm_id,price,cost,quantity,profit
0,0,3.0,1.0,2500.0,5000.0
1,0,2.9333563059888923,0.9333563059888922,2445.150277705411,4890.300555410822
2,0,2.73934933010843,0.7393493301084304,2533.7175584405536,5067.435116881106
3,0,2.665939072408797,0.6659390724087968,2562.6285256324295,5125.257051264859
4,0,2.5784418914013134,0.5784418914013134,2636.243980061857,5272.487960123714
5,0,2.605660896539808,0.6056608965398081,2703.69540593746,5407.39081187492
6,0,2.5427072212733544,0.5427072212733544,2757.633038839575,5515.26607767915
7,0,2.536485858785523,0.5364858587855229,2835.188719621015,5670.37743924203
8,0,2.6054200388431266,0.6054200388431263,2856.112126191275,5712.22425238255
9,0,2.6150567029977045,0.6150567029977048,2848.2425101755857,5696.4850203511705
10,0,2.4599741613914654,0.45997416139146563,2925.9622914334486,5851.924582866896
11,0,2.5260386661572105,0.5260386661572105,2849.771665172696,5699.543330345392
12,0,2.467882657978208,0.46788265797820794,2820.2450905235423,5640.490181047085
13,0,2.4216268273970014,0.42162682739700136,2889.5084952210464,5779.016990442093
14,0,2.263161506556956,0.263161506556956,3044.888132510042,6089.776265020084
15,0,2.2776236790870654,0.27762367908706537,3051.2145603613594,6102.429120722719
16,0,2.291248194487758,0.29124819448775774,3071.332950856779,6142.665901713558
17,0,2.379892823542243,0.3798928235422432,3007.834607275969,6015.669214551938
18,0,2.26863320756696,0.2686332075669599,3111.0160039237308,6222.0320078474615
19,0,2.3202043501741505,0.3202043501741507,3049.5439223780472,6099.087844756094
20,0,2.198416647601154,0.19841664760115416,3106.647579221912,6213.295158443823
21,0,2.3355571314119574,0.33555713141195737,2970.2357091692875,5940.471418338575
22,0,2.390995521642788,0.390995521642788,2915.6549583302876,5831.309916660574
23,0,2.4497161027911694,0.4497161027911693,2903.1013468419064,5806.202693683813
24,0,2.4676939031058094,0.4676939031058092,2938.102249404189,5876.204498808378
25,0,2.4578721969691775,0.4578721969691775,2943.8049973021148,5887.6099946042295
26,0,2.511085382460421,0.5110853824604212,2880.0755312409156,5760.151062481831
27,0,2.5698096115682376,0.5698096115682375,2896.682843681428,5793.365687362856
28,0,2.527816703703805,0.527816703703805,3038.174979019268,6076.349958038536
29,0,2.4501757649002105,0.4501757649002105,3109.0719892437087,6218.143978487417
30,0,2.249928175421132,0.24992817542113216,3177.1516157341534,6354.303231468306
31,0,2.193574790656072,0.19357479065607203,3152.777270188771,6305.554540377542
32,0,2.1697822973254377,0.16978229732543784,3184.348326947853,6368.696653895705
33,0,2.147040662598462,0.1470406625984617,3224.8006626906235,6449.601325381247
34,0,2.1289509964626765,0.1289509964626766,3249.5879758069145,6499.175951613829
35,0,2.1917873052421566,0.1917873052421568,3223.7280668525664,6447.456133705132
36,0,2.228455952970453,0.22845595297045304,3201.010404391764,6402.020808783528
37,0,2.301303091646985,0.3013030916469849,3159.48100737999,6318.96201475998
38,0,2.21941358542084,0.21941358542083994,3245.055047243916,6490.110094487832
39,0,2.3802871862238395,0.38028718622383945,3181.8798047899268,6363.7596095798535
40,0,2.4350743250773914,0.43507432507739147,3190.0302617708294,6380.060523541659
41,0,2.4398751546932194,0.43987515469321925,3140.0385441354347,6280.077088270869
42,0,2.462517587942772,0.4625175879427719,3129.588903436997,6259.177806873994
43,0,2.3302305334623097,0.3302305334623098,3197.7874093975515,6395.574818795103
44,0,2.3292647613648625,0.32926476136486243,3176.671202319817,6353.342404639634
45,0,2.4246862806005374,0.4246862806005375,3068.8085248866355,6137.617049773271
46,0,2.3233174192533284,0.32331741925332824,3198.5010871898194,6397.002174379639
47,0,2.242145068357784,0.2421450683577842,3243.2371118839346,6486.474223767869
48,0,2.129714965302014,0.1297149653020141,3361.9606035506617,6723.9212071013235
49,0,2.0801983278614076,0.08019832786140763,3368.4818605734617,6736.9637211469235
50,0,2.0790624874235903,0.07906248742359047,3357.2705884215275,6714.541176843054
51,0,2.17538891385329,0.1753889138532898,3313.6728310944172,6627.3456621888345
52,0,2.184179612012481,0.18417961201248084,3315.7302248974,6631.4604497948
53,0,2.0722838827113903,0.07228388271139037,3365.4712493327343,6730.9424986654685
54,0,2.1454676972560156,0.14546769725601544,3330.3250042904647,6660.650008580929
55,0,2.135963076368087,0.13596307636808685,3386.9445374860047,6773.889074972009
56,0,2.1356448342782577,0.13564483427825774,3342.1792192780413,6684.358438556083
57,0,2.0179923753178355,0.017992375317835665,3441.593031127404,6883.186062254807
58,0,2.0,0.0,3518.365228703687,7036.730457407374
59,0,2.0,0.0,3524.986233488715,7049.97246697743
60,0,2.0,0.0,3513.3141340569646,7026.628268113929
61,0,2.1574595531699847,0.1574595531699848,3435.975259970607,6871.950519941214
62,0,2.1995279082748005,0.1995279082748006,3464.7011964742646,6929.402392948529
63,0,2.3026914255289945,0.3026914255289946,3388.520937536501,6777.041875073002
64,0,2.375180768643005,0.37518076864300526,3321.6033946390344,6643.206789278068
65,0,2.44055216383493,0.4405521638349298,3249.0971040488685,6498.194208097737
66,0,2.5839892536288738,0.5839892536288738,3149.410467013205,6298.82093402641
67,0,2.587581188676501,0.5875811886765014,3136.318083310112,6272.636166620223
68,0,2.631603656334526,0.631603656334526,3022.6997405821203,6045.399481164241
69,0,2.8649192571780975,0.8649192571780975,2872.7295885210256,5745.459177042051
70,0,2.847741059078472,0.8477410590784722,2863.545269674667,5727.090539349333
71,0,2.86479250512537,0.8647925051253701,2895.229635906127,5790.459271812254
72,0,2.7652764925324798,0.7652764925324799,2926.8826299358243,5853.765259871649
73,0,2.892491126284684,0.8924911262846843,2791.1505084954047,5582.301016990809
74,0,2.8986491236048924,0.8986491236048925,2845.372074440041,5690.744148880082
75,0,2.8470347601483015,0.8470347601483014,2908.1679408918794,5816.335881783759
76,0,2.840125567530188,0.8401255675301883,2866.2228099700833,5732.445619940167
77,0,2.99093744200795,0.9909374420079502,2745.463230843755,5490.926461687509
78,0,3.0483108358356565,1.0483108358356568,2651.008370503043,5302.016741006085
79,0,2.968134909530239,0.9681349095302393,2690.4827454000542,5380.9654908001085
80,0,2.9180812068967756,0.9180812068967757,2675.710477508237,5351.420955016474
81,0,2.914020417319692,0.9140204173196921,2657.185145953101,5314.370291906202
82,0,2.8726702763533525,0.8726702763533525,2695.0460139237803,5390.0920278475605
83,0,2.714547010545097,0.7145470105450966,2772.3025415653715,5544.605083130743
84,0,2.722454859893459,0.7224548598934589,2811.3206826015867,5622.641365203173
85,0,2.6085073589575827,0.6085073589575826,2862.1091750624346,5724.218350124869
86,0,2.5288145092628382,0.5288145092628384,2883.3781959225894,5766.756391845179
87,0,2.5326793694314267,0.5326793694314268,2888.959555547781,5777.919111095562
88,0,2.657704378290393,0.6577043782903931,2762.920339085858,5525.840678171716
89,0,2.6599869065278257,0.6599869065278257,2729.079652221146,5458.159304442292
90,0,2.589530056314179,0.589530056314179,2843.2500936829556,5686.500187365911
91,0,2.6374988180515206,0.6374988180515209,2793.9556481778204,5587.91129635564
92,0,2.749065442556498,0.7490654425564979,2647.346683735147,5294.693367470294
93,0,2.714924191241824,0.714924191241824,2639.9905704572548,5279.9811409145095
94,0,2.7981171855202547,0.7981171855202547,2678.96374582485,5357.9274916497
95,0,2.8308644709858704,0.8308644709858702,2574.5764295096237,5149.152859019247
96,0,2.733472468279688,0.733472468279688,2645.7373774437197,5291.474754887438
97,0,2.671407899247144,0.6714078992471443,2794.1269574372063,5588.253914874413
98,0,2.7004639248494575,0.7004639248494574,2802.5490164003136,5605.098032800627
99,0,2.7115147490378724,0.7115147490378724,2720.8975463497713,5441.795092699543
0,1,3.0,1.0,2500.0,5000.0
1,1,3.0097450965766397,1.0097450965766397,2353.5202570366114,4707.040514073223
2,1,2.8686931828065254,0.8686931828065254,2375.043346742877,4750.086693485754
3,1,2.8230110693313026,0.8230110693313025,2369.0700663745056,4738.140132749011
4,1,2.8234689525227727,0.8234689525227725,2332.2690589108042,4664.5381178216085
5,1,2.9115831873937923,0.9115831873937925,2320.2115356369977,4640.4230712739945
6,1,3.071830878298886,1.071830878298886,2116.5997057308464,4233.199411461693
7,1,3.1727364825488484,1.1727364825488484,2062.6327294938383,4125.2654589876765
8,1,3.2437891181632907,1.2437891181632907,2075.6549945933552,4151.3099891867105
9,1,3.313286402262523,1.313286402262523,2008.899965348499,4017.799930696998
10,1,3.098605883476801,1.098605883476801,2126.138777352564,4252.277554705128
11,1,3.045441233007105,1.045441233007105,2197.977435846407,4395.954871692814
12,1,2.9236891739795716,0.9236891739795717,2245.482757231582,4490.965514463164
13,1,3.0262116190086057,1.0262116190086057,2135.6990585863828,4271.3981171727655
14,1,3.1395143778234362,1.1395143778234362,1964.5981621238222,3929.1963242476445
15,1,3.1430998289575123,1.1430998289575123,1979.4156065387115,3958.831213077423
16,1,3.0667891239880003,1.066789123988,2084.1085056036923,4168.2170112073845
17,1,3.1052043653667,1.1052043653667003,2092.9292701784834,4185.858540356966
18,1,3.1973868406253834,1.1973868406253836,1955.3565311310247,3910.713062262049
19,1,3.0937076319895684,1.0937076319895684,2071.4325164941088,4142.8650329882175
20,1,3.0511861726984826,1.0511861726984824,2028.221769271783,4056.443538543566
21,1,2.9774349626923495,0.9774349626923495,2154.809665501471,4309.619331002942
22,1,3.050780611186618,1.0507806111866178,2096.3588006526875,4192.717601305375
23,1,3.1613236644805705,1.1613236644805707,2033.9420664722377,4067.884132944475
24,1,3.2444148079820625,1.2444148079820623,1992.5264912800048,3985.0529825600097
25,1,3.2165248061279086,1.2165248061279086,2014.511343912635,4029.02268782527
26,1,3.1911868240280636,1.1911868240280634,2049.8483179018804,4099.696635803761
27,1,3.268102266449179,1.2681022664491792,2043.0012094927004,4086.0024189854003
28,1,3.420978694028346,1.4209786940283462,1943.8606164937094,3887.7212329874187
29,1,3.4484181104220024,1.4484181104220022,1887.4054594156567,3774.8109188313133
30,1,3.406225740676754,1.4062257406767542,1782.1781472428286,3564.356294485657
31,1,3.268351507722821,1.268351507722821,1842.0800202469434,3684.1600404938868
32,1,3.226006262119913,1.2260062621199128,1877.865348438051,3755.730696876102
33,1,3.282590846136779,1.2825908461367794,1827.7689069991477,3655.537813998295
34,1,3.260699181428823,1.260699181428823,1845.3226110545545,3690.6452221091085
35,1,3.3730426926208272,1.3730426926208275,1785.8790890954247,3571.758178190849
36,1,3.359295874584224,1.3592958745842239,1818.5628576976649,3637.1257153953297
37,1,3.517614006857215,1.5176140068572148,1719.8762117700173,3439.7524235400347
38,1,3.614846241143642,1.614846241143642,1615.130867440074,3230.261734880148
39,1,3.7031973961513374,1.7031973961513374,1642.1675577839876,3284.335115567975
40,1,3.9120687483682826,1.9120687483682826,1524.2968039565746,3048.5936079131493
41,1,3.7717475907882925,1.7717475907882922,1613.327565578923,3226.655131157846
42,1,3.7521334184354878,1.7521334184354875,1642.2934990724723,3284.5869981449446
43,1,3.720812391301301,1.720812391301301,1595.4697503018194,3190.939500603639
44,1,3.8690187999706067,1.8690187999706065,1471.0211764881994,2942.042352976399
45,1,3.9362926578983397,1.9362926578983397,1441.214549108918,2882.429098217836
46,1,3.984586665514643,1.9845866655146431,1393.8192856718165,2787.638571343633
47,1,3.959645238994133,1.9596452389941328,1374.1314438348445,2748.262887669689
48,1,3.9963531848223246,1.9963531848223244,1322.078615820295,2644.15723164059
49,1,3.8666939970571272,1.8666939970571275,1378.8010563399014,2757.6021126798023
50,1,3.683972712459281,1.6839727124592812,1504.8198747221745,3009.639749444349
51,1,3.703478465193599,1.7034784651935988,1543.438030080313,3086.876060160626
52,1,3.6965925117342735,1.6965925117342737,1556.5493692635798,3113.098738527159
53,1,3.6797672790572795,1.6797672790572793,1506.5560728355956,3013.1121456711912
54,1,3.7121580243749905,1.7121580243749905,1521.5426698509618,3043.0853397019237
55,1,3.8692591840359776,1.8692591840359776,1423.7299380423838,2847.4598760847675
56,1,3.633288926672896,1.633288926672896,1580.5944475266401,3161.1888950532802
57,1,3.681634781629765,1.681634781629765,1497.9735850776856,2995.947170155371
58,1,3.7360456444333745,1.7360456444333745,1476.9418550549894,2953.883710109979
59,1,3.9037954044945202,1.90379540449452,1360.6721813190538,2721.3443626381077
60,1,3.954578715976282,1.954578715976282,1322.164850884277,2644.329701768554
61,1,4.073488700231971,2.0734887002319713,1318.2251260373632,2636.4502520747264
62,1,4.189494170396802,2.1894941703968027,1281.0028696533925,2562.0057393067846
63,1,4.175769779938721,2.1757697799387206,1328.2394550912568,2656.4789101825136
64,1,4.038573388715829,2.038573388715829,1445.9279660724453,2891.8559321448906
65,1,3.958011954821148,1.9580119548211479,1521.4247754874457,3042.8495509748914
66,1,3.882662314378126,1.8826623143781263,1645.2276301226902,3290.45526024538
67,1,3.9259390038903104,1.9259390038903104,1606.1991625152416,3212.398325030483
68,1,3.7989247178435717,1.7989247178435714,1686.2208729619474,3372.441745923895
69,1,3.9838387581591492,1.9838387581591492,1641.815929645642,3283.631859291284
70,1,3.9059665458969084,1.9059665458969086,1686.9931085590204,3373.9862171180403
71,1,3.8639068476733285,1.8639068476733285,1756.8233406987995,3513.646681397599
72,1,3.7285251015018854,1.7285251015018854,1808.1669608722552,3616.3339217445105
73,1,3.4465229966870696,1.4465229966870696,2115.81047894292,4231.62095788584
74,1,3.5259113872502117,1.5259113872502117,2079.3653128191595,4158.730625638319
75,1,3.617350622904301,1.617350622904301,1978.5522254141206,3957.104450828241
76,1,3.559136114931504,1.5591361149315037,2000.6853466209857,4001.3706932419714
77,1,3.483714401048453,1.4837144010484533,2145.904915853196,4291.809831706391
78,1,3.3444533570383728,1.3444533570383728,2286.149186523054,4572.298373046108
79,1,3.363094371488123,1.3630943714881232,2208.3395665534745,4416.679133106949
80,1,3.2417548214547436,1.2417548214547436,2275.90582245281,4551.81164490562
81,1,3.2619833165634873,1.261983316563487,2232.8658547701343,4465.731709540269
82,1,3.2987368855944887,1.2987368855944887,2177.9454393789606,4355.890878757921
83,1,3.2150818545188886,1.2150818545188886,2158.4940843165127,4316.988168633025
84,1,3.363382579881205,1.3633825798812047,2040.4910848381883,4080.9821696763765
85,1,3.285423881897598,1.2854238818975978,2040.3075684906935,4080.615136981387
86,1,3.258855707424645,1.2588557074246451,2001.5902554797797,4003.1805109595593
87,1,3.2899046539759143,1.2899046539759143,1978.3907854741715,3956.781570948343
88,1,3.1058611721707834,1.1058611721707836,2208.2709136192325,4416.541827238464
89,1,3.108308462985214,1.1083084629852138,2181.043976341515,4362.08795268303
90,1,3.2641981285565356,1.2641981285565358,2029.143455506656,4058.2869110133115
91,1,3.356218605301547,1.3562186053015468,1950.5248557057712,3901.0497114115424
92,1,3.2192599018177077,1.2192599018177075,2092.711633551067,4185.423267102134
93,1,3.3106217859047242,1.3106217859047242,1959.964866886577,3919.929733773154
94,1,3.4743725865581814,1.4743725865581816,1910.3803478334257,3820.760695666851
95,1,3.3518755121772577,1.3518755121772577,1984.1279676280099,3968.2559352560197
96,1,3.3243447074067776,1.3243447074067776,1968.9761533483104,3937.952306696621
97,1,3.482795308601631,1.4827953086016308,1862.325535067399,3724.651070134798
98,1,3.4868953743619038,1.4868953743619036,1891.3930882633592,3782.7861765267185
99,1,3.2499212356719855,1.2499212356719858,2078.732977830322,4157.465955660643
