data/runs/b93022a8-05d1-4c4a-8cc4-dab3d25b30c5/panel.csv
t,firm_id,price,cost,quantity,profit
0,2,3.0,1.0,2500.0,5000.0
1,2,2.810035317121142,0.8100353171211419,2600.664732628989,5201.329465257978
2,2,2.7299764450227926,0.7299764450227928,2545.6195474082842,5091.239094816568
3,2,2.71089144315317,0.7108914431531698,2505.6728823606354,5011.345764721271
4,2,2.7701828716771293,0.7701828716771294,2395.2429809654827,4790.4859619309655
5,2,2.953228891452258,0.9532288914522578,2272.3976524880823,4544.7953049761645
6,2,2.8472478661579697,0.8472478661579694,2368.134216590004,4736.268433180008
7,2,2.983797092313049,0.983797092313049,2266.9898312641326,4533.979662528264
8,2,3.1164393017086223,1.116439301708622,2212.1207530240945,4424.241506048189
9,2,3.047330825574993,1.047330825574993,2294.61501430033,4589.23002860066
10,2,3.19910942222349,1.19910942222349,2021.9366397805377,4043.8732795610754
11,2,3.1342819415093515,1.1342819415093515,2102.4792338082007,4204.958467616401
12,2,3.044340866273828,1.0443408662738278,2114.0270617213328,4228.0541234426655
13,2,3.073989594013956,1.0739895940139559,2085.283950971525,4170.56790194305
14,2,3.158922718053807,1.1589227180538073,1945.6255728560934,3891.2511457121864
15,2,3.2059752773527985,1.2059752773527985,1918.1552727385695,3836.310545477139
16,2,3.3898709874492425,1.3898709874492423,1773.225592682749,3546.451185365498
17,2,3.3076974706566284,1.3076974706566284,1891.4015152695779,3782.8030305391558
18,2,3.3379912492927755,1.3379912492927752,1822.611461021514,3645.222922043028
19,2,3.3421252897408875,1.3421252897408877,1829.479638749797,3658.9592774995936
20,2,3.3366019462452874,1.3366019462452876,1758.483072284392,3516.9661445687834
21,2,3.2241708632166803,1.2241708632166803,1904.7189161599533,3809.4378323199066
22,2,3.0738360876717836,1.0738360876717838,2072.3312826867377,4144.6625653734745
23,2,3.0411928920823987,1.0411928920823987,2159.8552398439488,4319.7104796878975
24,2,3.109786498932932,1.1097864989329318,2131.269009911617,4262.538019823234
25,2,3.1354247737075935,1.1354247737075935,2097.8786614831356,4195.757322966271
26,2,3.0589147688026053,1.058914768802605,2190.0006196162885,4380.001239232577
27,2,3.153364480299974,1.153364480299974,2163.6331031444442,4327.266206288888
28,2,3.3843497257409005,1.3843497257409003,1979.7894254677553,3959.5788509355107
29,2,3.440966625446682,1.440966625446682,1894.4505620969255,3788.901124193851
30,2,3.3169654645103503,1.3169654645103503,1863.5186212888646,3727.037242577729
31,2,3.2572153891205033,1.2572153891205036,1852.3654393755135,3704.7308787510265
32,2,3.3631207580838556,1.3631207580838556,1753.4379976662435,3506.875995332487
33,2,3.4010788235218268,1.401078823521827,1722.6297676196054,3445.2595352392104
34,2,3.4777995272810847,1.4777995272810847,1655.5014373316171,3311.0028746632343
35,2,3.394677329637397,1.3946773296373973,1766.6647771994424,3533.3295543988843
36,2,3.402818159619352,1.4028181596193519,1779.416333518807,3558.832667037614
37,2,3.2550445651119992,1.2550445651119992,1961.1617734700026,3922.323546940005
38,2,3.295494865350034,1.2954948653500342,1894.7590380720942,3789.518076144188
39,2,3.314873104133507,1.314873104133507,1994.0728326361575,3988.145665272315
40,2,3.275414588980625,1.2754145889806252,2095.642672501768,4191.285345003536
41,2,3.238199176303521,1.238199176303521,2106.595346150207,4213.190692300414
42,2,3.261847943685286,1.2618479436852856,2098.528694053533,4197.057388107066
43,2,3.2599190039059387,1.2599190039059385,2008.955430903077,4017.910861806154
44,2,3.0862900187286515,1.0862900187286517,2175.636418872167,4351.272837744333
45,2,2.898764579785672,0.8987645797856718,2421.1684011178118,4842.3368022356235
46,2,3.0634405087799603,1.0634405087799603,2209.1785399485443,4418.357079897089
47,2,3.0742434141626527,1.074243414162653,2139.394332397285,4278.788664794569
48,2,3.2150063103320328,1.2150063103320328,1954.0001770783822,3908.0003541567644
49,2,3.2420785984880416,1.2420785984880416,1884.2352225131742,3768.4704450263484
50,2,3.3473746060191427,1.3473746060191425,1780.6389484347703,3561.2778968695407
51,2,3.363728039606417,1.3637280396064166,1829.2163077308526,3658.432615461705
52,2,3.392683791380469,1.392683791380469,1811.9901809416208,3623.9803618832416
53,2,3.3659517456510137,1.365951745651014,1762.5014284989352,3525.00285699787
54,2,3.3563454806824478,1.3563454806824478,1817.807321568109,3635.614643136218
55,2,3.3976023508226167,1.3976023508226167,1802.3809869856066,3604.761973971213
56,2,3.446821808407395,1.446821808407395,1735.0471139172773,3470.0942278345547
57,2,3.526441162134435,1.5264411621344351,1618.8403526675058,3237.680705335011
58,2,3.7233760391405855,1.7233760391405855,1486.3276875376357,2972.6553750752714
59,2,3.5930960720481173,1.5930960720481173,1589.3553517035161,3178.7107034070323
60,2,3.5101066523414195,1.5101066523414197,1651.206881001794,3302.4137620035876
61,2,3.439601563695909,1.439601563695909,1809.824354021421,3619.648708042842
62,2,3.520802315491634,1.520802315491634,1789.594737398078,3579.189474796156
63,2,3.465337738028624,1.4653377380286237,1894.7186698357407,3789.4373396714814
64,2,3.480963707416081,1.4809637074160809,1910.865244649486,3821.730489298972
65,2,3.430727933592779,1.4307279335927792,1980.3810164148179,3960.7620328296357
66,2,3.436942364377219,1.4369423643772188,2055.9514358509005,4111.902871701801
67,2,3.369749620853243,1.369749620853243,2121.164670864535,4242.32934172907
68,2,3.205772899665744,1.2057728996657444,2268.379645873811,4536.759291747621
69,2,3.054657170726971,1.054657170726971,2612.7248933123064,5225.449786624613
70,2,3.0517021161915823,1.0517021161915823,2585.9163520916454,5171.832704183291
71,2,3.1965282686599745,1.1965282686599745,2452.7173874889468,4905.4347749778935
72,2,3.2145026023415673,1.2145026023415673,2338.0677792560964,4676.135558512193
73,2,3.2779391357215033,1.277939135721503,2301.88850406627,4603.77700813254
74,2,3.3861318088060828,1.3861318088060828,2229.8905383007586,4459.781076601517
75,2,3.400524873539832,1.400524873539832,2205.1118928021206,4410.223785604241
76,2,3.309316507300016,1.3093165073000161,2266.869033438847,4533.738066877694
77,2,3.2908303619831454,1.2908303619831454,2363.168622459295,4726.33724491859
78,2,3.237416037435859,1.237416037435859,2411.8340724708605,4823.668144941721
79,2,3.1877460553090673,1.187746055309067,2410.6949426464166,4821.389885292833
80,2,3.158476572210362,1.158476572210362,2372.673222530717,4745.346445061434
81,2,3.0741241264342563,1.0741241264342565,2452.763853323665,4905.527706647329
82,2,3.0781037163015075,1.0781037163015075,2431.9625327734793,4863.925065546959
83,2,3.0907819448839966,1.0907819448839964,2296.9008325527448,4593.8016651054895
84,2,3.092140835960018,1.0921408359600184,2336.867549958638,4673.735099917275
85,2,3.102718367571968,1.1027183675719678,2235.4740813844364,4470.948162768873
86,2,3.0412542430986322,1.0412542430986322,2231.6533526750413,4463.306705350083
87,2,3.0382284571789007,1.0382284571789007,2243.6901034302664,4487.380206860533
88,2,3.05434697624527,1.05434697624527,2265.8884082090512,4531.7768164181025
89,2,2.9499174538784105,0.9499174538784108,2360.796719216193,4721.5934384323855
90,2,3.027257044609316,1.0272570446093157,2284.3563571274326,4568.712714254865
91,2,2.8908218745447467,0.8908218745447468,2461.563847938588,4923.127695877176
92,2,2.7754932567868495,0.7754932567868494,2612.5949989786386,5225.189997957277
93,2,2.669954831312591,0.6699548313125909,2700.0222813280843,5400.044562656169
94,2,2.7785310118703053,0.7785310118703053,2705.3279531708617,5410.6559063417235
95,2,2.720494496882291,0.7204944968822908,2720.647801431184,5441.295602862368
96,2,2.698325431963987,0.6983254319639868,2692.6432346039846,5385.286469207969
97,2,2.8547151013212617,0.8547151013212618,2549.420550058189,5098.841100116378
98,2,2.9261360581723928,0.9261360581723928,2503.508878936014,5007.017757872028
99,2,2.8973471496650385,0.8973471496650387,2479.471929470135,4958.943858940269
